Usage: test02 [options] [files...]

Options:
   -i, --input  file to read from
   -h, --help   show this help message and exit
   -t, --test   run pos_arg test

Positional Arguments:
one or more output files
