Usage: test01 [options]

Options:
   -h, --help   show this help message and exit
   -i, --input  file to read from
